读取旧案例库名称映射: C:\Users\KaiPanLa\Desktop\File\Code\kline_viz_v17\stock_cache\case_library_break_v21.pkl
名称映射完成: 1955 只
发现日线缓存文件: 2912 个
  已加载 500/2912 | 可用 500
  已加载 1000/2912 | 可用 1000
  已加载 1500/2912 | 可用 1500
  已加载 2000/2912 | 可用 2000
  已加载 2500/2912 | 可用 2500
  已加载 2912/2912 | 可用 2912
开始生成 case_library_break_v22.pkl: 股票 2912 只，进程 11

构建断板案例库，共 2912 只，11 进程...
  200/2912 | 4131 案例
  400/2912 | 8118 案例
  600/2912 | 13656 案例
  800/2912 | 18949 案例
  1000/2912 | 23531 案例
  1200/2912 | 28720 案例
  1400/2912 | 32158 案例
  1600/2912 | 37202 案例
  1800/2912 | 41020 案例
  2000/2912 | 44235 案例
  2200/2912 | 48615 案例
  2400/2912 | 53447 案例
  2600/2912 | 57585 案例
  2800/2912 | 61965 案例
  2912/2912 | 65220 案例
案例库完成: 65220 个 | 30.4秒
已缓存: C:\Users\KaiPanLa\Desktop\File\Code\kline_viz_v17\stock_cache\case_library_break_v22.pkl
生成完成: C:\Users\KaiPanLa\Desktop\File\Code\kline_viz_v17\stock_cache\case_library_break_v22.pkl | 内存案例 65220 | 文件案例 65220 | 108.0 MB
